
> my-v0-project@0.1.0 build:fast
> cross-env NODE_OPTIONS=--max-old-space-size=4096 NEXT_TELEMETRY_DISABLED=1 NEXTAUTH_SECRET=naukrimili-secret-key-2024-production-deployment NEXTAUTH_URL=https://naukrimili.com NEXT_PUBLIC_APP_URL=https://naukrimili.com next build && node -e "require('fs').writeFileSync('.next/BUILD_ID', Date.now().toString())"

   Γû▓ Next.js 15.5.4
   - Environments: .env.local, .env
   - Experiments (use with caution):
     ┬╖ serverActions

   Creating an optimized production build ...
 Γ£ô Compiled successfully in 2.8min
   Skipping validation of types
   Skipping linting
   Collecting page data ...
node.exe : ΓÜá∩╕Å Google OAuth credentials are missing!
At C:\Program Files\nodejs\npm.ps1:29 char:3
+   & $NODE_EXE $NPM_CLI_JS $args
+   ~~~~~~~~~~~~~~~~~~~~~~~~~~~~~
    + CategoryInfo          : NotSpecified: (ΓÜá∩╕Å Google O...ls are m 
   issing!:String) [], RemoteException
    + FullyQualifiedErrorId : NativeCommandError
 
ΓÜá∩╕Å Google OAuth credentials are missing!
ΓÜá∩╕Å Google OAuth credentials are missing!
   GOOGLE_CLIENT_ID: Γ¥î Missing
   GOOGLE_CLIENT_SECRET: Γ¥î Missing
   Google sign-in will be DISABLED until both credentials are 
configured.
   Make sure GOOGLE_CLIENT_ID and GOOGLE_CLIENT_SECRET are set in 
environment variables.
ΓÜá∩╕Å Google OAuth credentials are missing!
   GOOGLE_CLIENT_ID: Γ¥î Missing
   GOOGLE_CLIENT_SECRET: Γ¥î Missing
   Google sign-in will be DISABLED until both credentials are 
configured.
   Make sure GOOGLE_CLIENT_ID and GOOGLE_CLIENT_SECRET are set in 
environment variables.
   GOOGLE_CLIENT_ID: Γ¥î Missing
   GOOGLE_CLIENT_ID: Γ¥î Missing
   GOOGLE_CLIENT_SECRET: Γ¥î Missing
   Google sign-in will be DISABLED until both credentials are 
configured.
   Make sure GOOGLE_CLIENT_ID and GOOGLE_CLIENT_SECRET are set in 
environment variables.
   GOOGLE_CLIENT_SECRET: Γ¥î Missing
   Google sign-in will be DISABLED until both credentials are 
configured.
   Make sure GOOGLE_CLIENT_ID and GOOGLE_CLIENT_SECRET are set in 
environment variables.
ΓÜá∩╕Å Google OAuth credentials are missing!
   GOOGLE_CLIENT_ID: Γ¥î Missing
   GOOGLE_CLIENT_SECRET: Γ¥î Missing
   Google sign-in will be DISABLED until both credentials are 
configured.
   Make sure GOOGLE_CLIENT_ID and GOOGLE_CLIENT_SECRET are set in 
environment variables.
ΓÜá∩╕Å Google OAuth credentials are missing!
   GOOGLE_CLIENT_ID: Γ¥î Missing
   GOOGLE_CLIENT_SECRET: Γ¥î Missing
   Google sign-in will be DISABLED until both credentials are 
configured.
   Make sure GOOGLE_CLIENT_ID and GOOGLE_CLIENT_SECRET are set in 
environment variables.
ΓÜá∩╕Å Google OAuth credentials are missing!
   GOOGLE_CLIENT_ID: Γ¥î Missing
   GOOGLE_CLIENT_SECRET: Γ¥î Missing
   Google sign-in will be DISABLED until both credentials are 
configured.
   Make sure GOOGLE_CLIENT_ID and GOOGLE_CLIENT_SECRET are set in 
environment variables.
ΓÜá∩╕Å OPENAI_API_KEY not found. OpenAI form suggestions will be 
disabled.
ΓÜá∩╕Å GEMINI_API_KEY not found. Gemini form suggestions will be 
disabled.
ΓÜá∩╕Å OpenAI API key not configured
ΓÜá∩╕Å Gemini API key not configured
ΓÜá∩╕Å No AI providers available. Fallback mode will be used.
Γ£à Analytics Processor: Redis connected
ΓÜá∩╕Å OPENAI_API_KEY not found
ΓÜá∩╕Å GEMINI_API_KEY not found
ΓÜá∩╕Å Google Cloud OCR API key not found. OCR features will be 
disabled.
   Generating static pages (0/245) ...
ΓÜá∩╕Å Google OAuth credentials are missing!
   GOOGLE_CLIENT_ID: Γ¥î Missing
   GOOGLE_CLIENT_SECRET: Γ¥î Missing
   Google sign-in will be DISABLED until both credentials are 
configured.
   Make sure GOOGLE_CLIENT_ID and GOOGLE_CLIENT_SECRET are set in 
environment variables.
ΓÜá∩╕Å Google OAuth credentials are missing!
   GOOGLE_CLIENT_ID: Γ¥î Missing
   GOOGLE_CLIENT_SECRET: Γ¥î Missing
   Google sign-in will be DISABLED until both credentials are 
configured.
   Make sure GOOGLE_CLIENT_ID and GOOGLE_CLIENT_SECRET are set in 
environment variables.
ΓÜá∩╕Å Google OAuth credentials are missing!
   GOOGLE_CLIENT_ID: Γ¥î Missing
   GOOGLE_CLIENT_SECRET: Γ¥î Missing
   Google sign-in will be DISABLED until both credentials are 
configured.
   Make sure GOOGLE_CLIENT_ID and GOOGLE_CLIENT_SECRET are set in 
environment variables.
ΓÜá∩╕Å OPENAI_API_KEY not found
ΓÜá∩╕Å GEMINI_API_KEY not found
ΓÜá∩╕Å Google OAuth credentials are missing!
   GOOGLE_CLIENT_ID: Γ¥î Missing
   GOOGLE_CLIENT_SECRET: Γ¥î Missing
   Google sign-in will be DISABLED until both credentials are 
configured.
   Make sure GOOGLE_CLIENT_ID and GOOGLE_CLIENT_SECRET are set in 
environment variables.
ΓÜá∩╕Å Google OAuth credentials are missing!
   GOOGLE_CLIENT_ID: Γ¥î Missing
   GOOGLE_CLIENT_SECRET: Γ¥î Missing
   Google sign-in will be DISABLED until both credentials are 
configured.
   Make sure GOOGLE_CLIENT_ID and GOOGLE_CLIENT_SECRET are set in 
environment variables.
ΓÜá∩╕Å Google Cloud OCR API key not found. OCR features will be 
disabled.
ΓÜá∩╕Å OPENAI_API_KEY not found. OpenAI form suggestions will be 
disabled.
ΓÜá∩╕Å GEMINI_API_KEY not found. Gemini form suggestions will be 
disabled.
ΓÜá∩╕Å OpenAI API key not configured
ΓÜá∩╕Å Gemini API key not configured
ΓÜá∩╕Å No AI providers available. Fallback mode will be used.
Γ£à Analytics Processor: Redis connected
   Generating static pages (61/245) 
   Generating static pages (122/245) 
   Generating static pages (183/245) 
RoleSelectionPage - Session data: undefined
RoleSelectionPage - User data: undefined
RoleSelectionPage - User ID: undefined
RoleSelectionPage - User email: undefined
RoleSelectionPage - User name: undefined
ΓÜá∩╕Å Google OAuth credentials are missing!
   GOOGLE_CLIENT_ID: Γ¥î Missing
   GOOGLE_CLIENT_SECRET: Γ¥î Missing
   Google sign-in will be DISABLED until both credentials are 
configured.
   Make sure GOOGLE_CLIENT_ID and GOOGLE_CLIENT_SECRET are set in 
environment variables.
 Γ£ô Generating static pages (245/245)
   Finalizing page optimization ...
   Collecting build traces ...

> Build error occurred
[Error: ENOENT: no such file or directory, copyfile 
'E:\myprojects\jobportal\.next\server\app\mobile-test\page.js' -> 'E:\my
projects\jobportal\.next\standalone\.next\server\app\mobile-test\page.js
'] {
  errno: -4058,
  code: 'ENOENT',
  syscall: 'copyfile',
  path: 
'E:\\myprojects\\jobportal\\.next\\server\\app\\mobile-test\\page.js',
  dest: 'E:\\myprojects\\jobportal\\.next\\standalone\\.next\\server\\ap
p\\mobile-test\\page.js'
}
